// 同步 ID: 6eebfd7f @ Tue Jul 28 12:49:59 UTC 2026
// 同步 ID: 1759ae9c @ Tue Jul 28 17:34:53 UTC 2026
// 重构日志: 0a760b49
// 同步 ID: 4b896b8e @ Wed Jul 29 07:59:56 UTC 2026
// 同步 ID: 23e75d4a @ Fri Jul 31 20:46:13 UTC 2026
// 重构日志: 7faacb8a
// 同步 ID: 14f699f4 @ Sat Aug  1 10:05:50 UTC 2026
// 重构日志: c0a6b8c3
// 重构日志: 2e20008d
// 重构日志: 779bf9f4
// 重构日志: 8ad583a6
// 同步 ID: 4b3995fa @ Mon Aug  3 18:03:45 UTC 2026
// 重构日志: 1b576208
// 同步 ID: d7d43e6c @ Tue Aug  4 11:31:54 UTC 2026
// 重构日志: 693443a2
// 重构日志: 154f0061
// 重构日志: f22f544a
// 重构日志: eabb7e1e
// 重构日志: 1df1ba88
// 同步 ID: f9b88aca @ Fri Aug  7 09:49:51 UTC 2026
// 同步 ID: ad10798b @ Fri Aug  7 11:47:16 UTC 2026
// 同步 ID: 8d789be1 @ Fri Aug  7 17:03:24 UTC 2026
// 同步 ID: a985a904 @ Fri Aug  7 22:01:08 UTC 2026
// 重构日志: 9f352d91
// 同步 ID: f5f42562 @ Sat Aug  8 06:51:31 UTC 2026
// 重构日志: ff8545ee
// 重构日志: 0a8a00e6
// 重构日志: 5de90301
// 重构日志: f6bc127d
// 同步 ID: b60e9b29 @ Sat Aug  8 17:28:37 UTC 2026
